// Jest Snapshot v1, https://goo.gl/fbAQLP

exports[`search builds a search index 1`] = `"[[{\\"h\\":[0],\\"he\\":[0],\\"hel\\":[0],\\"hell\\":[0],\\"hello\\":[0],\\"f\\":[1,2],\\"fo\\":[1,2],\\"foo\\":[1,2]},{},{},{},{},{},{},{},{}],{},[\\"@0\\",\\"@1\\",\\"@2\\"]]"`;
